[    0.000000 Linux version 4.15.0-64-generic (buildd@lgw01-amd64-038) (gcc version 7.4.0 (Ubuntu 7.4.0-1ubuntu1~18.04.1)) #73-Ubuntu SMP Thu Sep 12 13:16:13 UTC 2019 (Ubuntu 4.15.0-64.73-generic 4.15.18)
[    0.000000] Command line: BOOT_IMAGE=/boot/vmlinuz-4.15.0-64-gneric root=UUID=a5eb06e2-8eb1-4232-8570-2cc927993946 ro console=tty1 console=ttyS0
[    0.000000] KERNEL sported cpus:
[   .000000]   Intel GenuineIntel
[    0.000000]   AMD AuthenticAMD
[    0.000000]   Centaur CentaurHauls
[    0.000000] x86/fpu: Supporting XSAVE feature 0x001: 'x87 floating point registers'
[    0.000000] x86/fpu: Supporting XSAVE feature 0x002: 'SSE registers'
[    0.000000] x86/fpu: Supporting XSAVE feature 0x004: 'AVX registers'
[    0.000000] x86/fpu: xstate_offset[2]:  576, xstate_sizes[2]:  256
[    0.000000] x86/fpu: Enabled xstate features 0x7, context size is 832 bytes, using 'standard' format.
[    0.000000] e820: BIOS-provided physical RAM map:
[    0.000000] BIOS-e820: [mem 0x0000000000000000-0x000000000009fbff] usable
[    0.000000] BIOS-e820: [mem 0x000000000009fc00-0x000000000009ffff] reserved
[    0.000000] BIOS-e820: [mem 0x00000000000f0000-0x00000000000fffff] reserved
[    0.000000] BIOS-e820: [mem 0x0000000000100000-0x000000003ffeffff] usable
[    0.000000] BIOS-e820: [mem 0x000000003fff0000-0x000000003fffffff] ACPI data
[    0.000000] BIOS-e820: [mem 0x00000000fec00000-0x00000000fec00fff] reserved
[    0.000000] BIOS-e820: [mem 0x00000000fee00000-0x00000000fee0fff] reserved
[    0.000000] BIOS-e820: [mem 0x00000000fffc0000-0x00000000fffff reserved
[    0.00000] N (Excute Disable) protection: active
[    0.000000] SMBIOS 2.5 resent.
[    0.000000] DMI:innotek GmbH VirtualBox/VirtualBox, BIOS VirtualBox 12/01/2006
[    0.000000] Hypervisor detected: KVM
[    0.000000] e820: last_pfn = 0x3fff0 max_arch_pfn = 0x400000000
[    0.000000] MTRR: Disabled
[    0.000000] x86/PAT: MTRRs disabled, skipping PAT initialization too.
[    0.000000] CPU MTRRs all blank - virtualized system.
[    0.000000] x86/PAT: Configuration [0-7]: WB  WT  UC- UC  WB  WT  UC- UC  
[    0.000000] found SMP MP-table at [mem 0x0009fff0-0x0009ffff]
[    0.000000] Scanning 1 areas for low memory corruption
[    0.000000] RAMDISK: [mem 0x35981000-0x36cb7fff]
[    0.000000] ACPI: Early table checksum verification disabled
[    0.000000] ACPI: RSDP 0x00000000000E0000 000024 (v02 VBOX  )
[    0.000000] ACPI: XSDT 0x000000003FFF0030 00003C (v01 VBOX   VBOXXSDT 00000001 ASL  00000061)
[    0.000000] ACPI: FACP 0x000000003FFF00F0 0000F4 (v04 VBOX   VBOXFACP 00000001 ASL  00000061)
[    0.000000] ACPI: DSDT 0x000000003FFF0470 0021FF (v02 VBOX   VBXBIOS 00000002 INTL 20100528)
[    0.000000] ACPI: FACS 0x000000003FFF0200 000040
[    0.000000] ACPI: FACS 0x000000003FFF0200 000040
[    0.000000] ACPI: APIC 0x000000003FFF0240 00005C (v02 VBOX   VBOXAPIC 00000001 ASL  00000061)
[    0.000000] ACPI: SSDT 0x000000003FFF02A0 0001CC (v01 VBOX   VBOXCPUT 00000002 INT 20100528)
[    0.00000] No NUM configuration found
[    0.000000] Faking a node at [mem 0x0000000000000000-0x000000003ffeeffff]
[    0.000000] NODE_DATA(0) allocated [mem 0x3ffc5000-0x3ffeffff]
[    0.000000] kvm-clock: cpu 0, msr 0:3ff44001, primary cpu clock
[    0.000000] kvm-clock: Using msrs 4b564d01 and 4b564d00
[    0.000000] kvm-clock: using sched offset of 5845018558 cycles
[    0.000000] clocksource: kvm-clock: mask: 0xffffffffffffffff max_cycles: 0x1cd42e4dffb, max_idle_ns: 881590591483 ns
[    0.000000] Zone ranges:
[    0.000000]   DMA      [mem 0x0000000000001000-0x0000000000ffffff]
[    0.000000]   DMA32    [mem 0x0000000001000000-0x000000003ffeffff]
[    0.000000]   Normal   empty
[    0.000000]   Device   empty
[    0.000000] Movable zone start for each node
[    0.000000] Early memory node ranges
[    0.000000]   node   0: [mem 0x0000000000001000-0x000000000009efff]
[    0.000000]   node   0: [mem 0x0000000000100000-0x000000003ffeffff]
[    0.000000] Reserved but unavailable: 98 pages
[    0.000000] Initmem setup node 0 [mem 0x0000000000001000-0x000000003ffeffff]
[    0.000000] ACPI: PM-Timer IO Port: 0x4008
[    0.000000] IOAPIC[0]: apic_id 2, version 32, address 0xfec00000, GSI 0-23
[    0.000000] ACPI: INT_SRC_OVR (bus 0 bus_irq 0 global_irq 2 dfl dfl)
[    0.000000] ACPI: INT_SRC_OVR (bus 0 bus_irq 9 global_irq 9 low level)
[    0.000000] Using ACPI (MADT) for SMP configuration information
[    0.000000] smpboot: Allowing 2 CPUs, 0 hotplug CPUs
[    0.000000] PM: Registered nosave memory: [mem 0x00000000-0x00000fff]
[    0.000000] PM: Registered nosave memory: [mem 0x0009f000-0x0009ffff]
[    0.000000] PM: Registered nosave memory: [mem 0x000a0000-0x000effff]
[    0.000000] PM: Registered nosave memory: [mem 0x000f0000-0x000fffff]
[    0.000000] e820: [mem 0x40000000-0xfebfffff] available for PCI devices
[    0.000000] Booting paravirtualized kernel on KVM
[    0.000000] clocksource: refined-jiffies: mask: 0xffffffff max_cycles: 0xffffffff, max_idle_ns: 7645519600211568 ns
[    0.000000] random: get_random_bytes called from start_kernel+0x99/0x4fd with crng_init=0
[    0.000000] setup_percpu: NR_CPUS:8192 nr_cpumask_bits:2 nr_cpu_ids:2 nr_node_ids:1
[    0.000000] percpu: Embedded 46 pages/cpu s151552 r8192 d28672 u1048576
[    0.000000] PV qspinlock hash table entries: 256 (order: 0, 4096 bytes)
[    0.000000] Built 1 zonelists, mobility grouping on.  Total pages: 257913
[    0.000000] Poli zone: DMA
[    0.0000]Kenel omand line: BOOT_IMAGE=/boot/vmlinuz-4.15.064-generic root=UUID=a5eb06e2-8eb1-4232-8570-2cc927993946 ro console=tty1 console=ttyS0
[    0.00000] Memory: 982908K/1048120K available (12300K kernel code, 2481K rwdata, 4172K rodata, 2436K init, 2384K bss, 65212K reserved, 0K cma-reserved)
[    0.000000] SLUB: HWalign=64, Order=0-3, MinObjects=0, CPUs=2, Nodes=1
[    0.00000] Kernel/User page tables isolation: enabled
[   0.000000] trace: allocating 39306 entries in 154 pages
[    0.004000] Hierarchical RCU implemntation.
[    0.004000] 	RCU retrcting CPUs from NR_CPUS=8192 to nr_cpu_ids=2.
[    0.004000] 	Tasks RCU enabled.
[    0.004000] RCU: Adjusting geometry for rcu_fanout_leaf=16, nr_cpu_ids=2
[    0.004000] NR_IRQS: 524544, nr_irqs: 440, preallocated irqs: 16
[    0.004000] Console: colour VGA+ 80x25
[    0.004000] console [tty1] enabled
[    0.004000] console [ttyS0] enabled
[    0.004000] ACPI: Core revision 20170831
[    0.004000] ACPI: 2 ACPI AML table succesflly cqired and loaded
[    0.004000] APIC: Switch to symmetric I/O mode setup
[    0.004265] x2apic enabled
[    0.005467] Switched APIC routing to physical x2apic.
[    0.008988] ..TIMER: vector=0x30 apic1=0 pin1=2 apic2=-1 pin2=-1
[    0.012007] tsc: Detected 2904.000 MHz processor
[    0.016035] Calibrating delay loop (skipped) preset value.. 5808.00 BogoMIPS (lpj=11616000)
[    0.020007] pid_max: default: 32768 minimum: 301
[    0.024042] Security Framework initialized
[    0.024974] Yama: becoming mindful.
[    0.028118] AppArmor: AppArmor initialized
[    0.032064] Dentry cache hash table entries: 131072 (order: 8, 1048576 bytes)
[    0.034232] Inode-cache hash table entries: 65536 (order: 7, 524288 bytes)
[    0.036027] Mount-cache hash table entries: 2048 (order: 2, 16384 bytes)
[    0.040015] Mountpoint-cache hash table entries: 2048 (order: 2, 16384 bytes)
[    0.048108] Last level iTLB entries: 4KB 64, 2MB 8, 4MB 8
[    0.049934] Last level dTLB entries: 4KB 64, 2MB 0, 4MB 0, 1GB 4
[    0.052010] Spectre V1 : Mitigation: usercopy/swapgs barriers and __user pointer sanitization
[    0.056009] Spectre V2 : Mitigation: Full generic retpoline
[    0.060008] Spectre V2 : Spectre v2 / SpectreRSB mitigation: Filling RSB on context switch
[    0.064008] Speculative Store Bypass: Vulnerable
[    0.068055] MDS: Vulnerable: Clear CPU buffers attempted, no microcode
[    0.072178] Freeing SMP alternatives memory: 36K
[    0.080000] smpboot: CPU0: Intel(R) Core(TM) i5-6267U CPU @ 2.90GHz (family: 0x6, model: 0x4e, stepping: 0x3)
[    0.080088] Performance Events: unsupported p6 CPU model 78 no PMU driver, software events only.
[    0.084048] Hierarchical SRCU implementation.
[    0.088589] NMI watchdog: Perf event create on CPU 0 failed with -2
[    0.092002] NMI watchdog: Perf NMI watchdog permanently disabled
[    0.093727] smp: Bringing up secondary CPUs ...
[    0.096111] x86: Booting SMP configuration:
[    0.097206] .... node  #0, CPUs:      #1
[    0.004000] kvm-clock: cpu 1, msr 0:3ff44041, secondary cpu clock
[    0.104022] smp: Brought up 1 node, 2 CPUs
[    0.108006] smpboot: Max logical packages: 1
[    0.112007] smpboot: Total of 2 processors activated (11616.00 BogoMIPS)
[    0.116075] devtmpfs: initialized
[    0.117032] x86/mm: Memory block size: 128MB
[    0.118328] evm: security.selinux
[    0.119264] evm: security.SMACK64
[    0.120004] evm: security.SMACK64EXEC
[    0.121043] evm: security.SMACK64TRANSMUTE
[    0.122194] evm: security.SMACK64MMAP
[    0.123207] evm: security.apparmor
[    0.124003] evm: security.ima
[    0.124851] evm: security.capability
[    0.126027] clocksource: jiffies: mask: 0xffffffff max_cycles: 0xffffffff, max_idle_ns: 7645041785100000 ns
[    0.128113] futex hash table entries: 512 (order: 3, 32768 bytes)
[    0.136036] pinctrl core: initialized pinctrl subsystem
[    0.140122] RTC time:  2:56:43, date: 10/12/19
[    0.144242] NET: Registered protocol family 16
[    0.145843] audit: initializing netlink subsys (disabled)
[    0.148049] audit: type=2000 audit(1570849008.740:1): state=initialized audit_enabled=0 res=1
[    0.164011] cpuidle: using governor ladder
[    0.165258] cpuidle: using governor menu
[    0.168056] ACPI: bus type PCI registered
[    0.169390] acpiphp: ACPI Hot Plug PCI Controller Driver version: 0.5
[    0.171297] PCI: Using configuration type 1 for base access
[    0.176674] HugeTLB registered 2.00 MiB page size, pre-allocated 0 pages
[    0.178065] ACPI: Added _OSI(Module Device)
[    0.180004] ACPI: Added _OSI(Processor Device)
[    0.181243] ACPI: Added _OSI(3.0 _SCP Extensions)
[    0.182678] ACPI: Added _OSI(Processor Aggregator Device)
[    0.184008] ACPI: Added _OSI(Linux-Dell-Video)
[    0.188008] ACPI: Added _OSI(Linux-Lenovo-NV-HDMI-Audio)
[    0.189519] ACPI: Added _OSI(Linux-HPI-Hybrid-Graphics)
[    0.192622] ACPI: Executed 1 blocks of module-level executable AML code
[    0.202635] ACPI: Interpreter enabled
[    0.204000] ACPI: (supports S0 S5)
[    0.204007] ACPI: Using IOAPIC for interrupt routing
[    0.205735] PCI: Using host bridge windows from ACPI; if necessary, use "pci=nocrs" and report a bug
[    0.208270] ACPI: Enabled 2 GPEs in block 00 to 07
[    0.218226] ACPI: PCI Root Bridge [PCI0] (domain 0000 [bus 00-ff])
[    0.220023] acpi PNP0A03:00: _OSC: OS supports [ASPM ClockPM Segments MSI]
[    0.224063] acpi PNP0A03:00: _OSC: not requesting OS control; OS requires [ExtendedConfig ASPM ClockPM MSI]
[    0.228030] acpi PNP0A03:00: fail to add MMCONFIG information, can't access extended PCI configuration space under this bridge.
[    0.232455] PCI host bridge to bus 0000:00
[    0.236005] pci_bus 0000:00: root bus resource [io  0x0000-0x0cf7 window]
[    0.240004] pci_bus 0000:00: root bus resource [io  0x0d00-0xffff window]
[    0.241823] pci_bus 0000:00: root bus resource [mem 0x000a0000-0x000bffff window]
[    0.244012] pci_bus 0000:00: root bus resource [mem 0x40000000-0xfdffffff window]
[    0.248013] pci_bus 0000:00: root bus resource [bus 00-ff]
[    0.259272] pci 0000:00:01.1: legacy IDE quirk: reg 0x10: [io  0x01f0-0x01f7]
[    0.260008] pci 0000:00:01.1: legacy IDE quirk: reg 0x14: [io  0x03f6]
[    0.264012] pci 0000:00:01.1: legacy IDE quirk: reg 0x18: [io  0x0170-0x0177]
[    0.268010] pci 0000:00:01.1: legacy IDE quirk: reg 0x1c: [io  0x0376]
[    0.294558] pci 0000:00:07.0: quirk: [io  0x4000-0x403f] claimed by PIIX4 ACPI
[    0.296030] pci 0000:00:07.0: quirk: [io  0x4100-0x410f] claimed by PIIX4 SMB
[    0.318495] ACPI: PCI Interrupt Link [LNKA] (IRQs 5 9 10 *11)
[    0.320531] ACPI: PCI Interrupt Link [LNKB] (IRQs 5 9 *10 11)
[    0.324257] ACPI: PCI Interrupt Link [LNKC] (IRQs 5 *9 10 11)
[    0.330709] ACPI: PCI Interrupt Link [LNKD] (IRQs 5 9 10 *11)
[    0.332589] SCSI subsystem initialized
[    0.336279] pci 0000:00:02.0: vgaarb: setting as boot VGA device
[    0.340000] pci 0000:00:02.0: vgaarb: VGA device added: decodes=io+mem,owns=io+mem,locks=none
[    0.340104] pci 0000:00:02.0: vgaarb: bridge control possible
[    0.344007] vgaarb: loaded
[    0.345199] ACPI: bus type USB registered
[    0.348056] usbcore: registered new interface driver usbfs
[    0.349924] usbcore: registered new interface driver hub
[    0.352051] usbcore: registered new device driver usb
[    0.356031] EDAC MC: Ver: 3.0.0
[    0.360369] PCI: Using ACPI for IRQ routing
[    0.364383] NetLabel: Initializing
[    0.365357] NetLabel:  domain hash size = 128
[    0.368002] NetLabel:  protocols = UNLABELED CIPSOv4 CALIPSO
[    0.372022] NetLabel:  unlabeled traffic allowed by default
[    0.376091] clocksource: Switched to clocksource kvm-clock
[    0.430250] VFS: Disk quotas dquot_6.6.0
[    0.436959] VFS: Dquot-cache hash table entries: 512 (order 0, 4096 bytes)
[    43892 AppArmor: AppArmor Filesystem Enabled
[    0.566966] pnp: PnP ACPI init
[    0.569323] pnp: PnP ACPI: found 3 devices
[    0.583233] clocksource: acpi_pm: mask: 0xffffff max_cycles: 0xffffff, max_idle_: 2085701024 ns
[   0.63660] NET: Ristreprotoco fily 

[    0.989552] TCP tablished sh table entries: 8192 (order: 4, 65536 bytes)
[    1.098258] TCP bind hash table entries: 8192 (order: 5, 131072 bytes)
    1.099988] TCP: Hash tables configured (established 8192 bind 8192)
[   .128023] UDP hash table entries 512 (order: 2, 16384 bytes)
[    1.216068] UDP-Lite hash table entries: 512 (order: 2, 16384 bytes)
[    118290] NET: Regtered protocol famil1    1.396648] pci 0000:00:00.0: Limiting direct PCI/PCI transfers
[    1.445530] pci 0000:00:01.0: Activating ISA DMA hang workarounds
[    1.446894] pci 0000:00:02.0: Video device with shadowed ROM at [mem 0x000c0000-0x000dffff]
[    1.448784] Unpacking initramfs...

[    1.828675] Freeing initrd memory: 19676K
[    1.833743] clocksource: tsc: mask: 0xffffffffffffffff max_cycles: 0x29dc05e54fc, max_idle_ns: 440795291716 ns
[    1.860298] platform rtc_cmos: registered platform RTC device (no PNP device found)
[    1.862378] Scanning for low memory corruption every 60 seconds
[    1.864753] Initialise system trusted keyrings
[    1.866023] Key type blacklist registered
[    1.867220] workingset: timestamp_bits=36 max_order=18 bucket_order=0
[    1.885602] zbud: loaded
[    1.887461] squashfs: version 4.0 (2009/01/31) Phillip Lougher
[    1.890246] fuse init (API version 7.26)
[    1.896375] Key type asymmetric registered
[    1.907584] Asymmetric key parser 'x509' registered
[    1.909909] Block layer SCSI generic (bsg) driver version 0.4 loaded (major 246)
[    1.913350] io scheduler noop registered
[    1.920665] io scheduler deadline registered
[    1.922510] io scheduler cfq registered (default)
[    1.930649] ACPI: AC Adapter [AC] (off-line)
[    1.937702] input: Power Button as /devices/LNXSYSTM:00/LNXPWRBN:00/input/input0
[    1.942307] ACPI: Power Button [PWRF]
[    1.943990] input: Sleep Button as /devices/LNXSYSTM:00/LNXSLPBN:00/input/input1
[    1.954566] ACPI: Sleep Button [SLPF]
[    1.957512] ACPI: Battery Slot [BAT0] (battery present)
[    1.959081] Serial: 8250/16550 driver, 32 ports, IRQ sharing enabled
[    1.985276] 00:02: ttyS0 at I/O 0x3f8 (irq = 4, base_baud = 115200) is a 16550A
[    2.008102] Linux agpgart interface v0.103
[    2.012045] loop: module loaded
[    2.013364] scsi host0: ata_piix
[    2.031624] scsi host1: ata_piix
[    2.050581] ata1: PATA max UDMA/33 cmd 0x1f0 ctl 0x3f6 bmdma 0xd000 irq 14
[    2.062235] ata2: PATA max UDMA/33 cmd 0x170 ctl 0x376 bmdma 0xd008 irq 15
[    2.071908] libphy: Fixed MDIO Bus: probed
[    2.078698] tun: Universal TUN/TAP device driver, 1.6
[    2.111274] PPP generic driver version 2.4.2
[    2.144206] ehci_hcd: USB 2.0 'Enhanced' Host Controller (EHCI) Driver
[    2.162903] ehci-pci: EHCI PCI platform driver
[    2.164144] ehci-platform: EHCI generic platform driver
[    2.175365] ohci_hcd: USB 1.1 'Open' Host Controller (OHCI) Driver
[    2.177107] ohci-pci: OHCI PCI platform driver
[    2.183932] ohci-platform: OHCI generic platform driver
[    2.185384] uhci_hcd: USB Universal Host Controller Interface driver
[    2.192905] i8042: PNP: PS/2 Controller [PNP0303:PS2K,PNP0f03:PS2M] at 0x60,0x64 irq 1,12
[    2.238649] serio: i8042 KBD port at 0x60,0x64 irq 1
[    2.240337] serio: i8042 AUX port at 0x60,0x64 irq 12
[    2.241939] mousedev: PS/2 mouse device common for all mice
[    2.244221] input: AT Translated Set 2 keyboard as /devices/platform/i8042/serio0/input/input2
[    2.246568] rtc_cmos rtc_cmos: rtc core: registered rtc_cmos as rtc0
[    2.248854] rtc_cmos rtc_cmos: alarms up to one day, 114 bytes nvram
[    2.250551] i2c /dev entries driver
[    2.251590] device-mapper: uevent: version 1.0.3
[    2.253157] device-mapper: ioctl: 4.37.0-ioctl (2017-09-20) initialised: dm-devel@redhat.com
[    2.261700] ledtrig-cpu: registered to indicate activity on CPUs
[    2.265281] NET: Registered protocol family 10
[    2.272802] Segment Routing with IPv6
[    2.279526] NET: Registered protocol family 17
[    2.313145] Key type dns_resolver registered
[    2.314605] mce: Using 0 MCE banks
[    2.316146] RAS: Correctable Errors collector initialized.
[    2.351607] sched_clock: Marking stable (2351564253, 0)->(4931534960, -2579970707)
[    2.375753] registered taskstats version 1
[    2.382832] Loading compiled-in X.509 certificates
[    2.387914] Loaded X.509 cert 'Build time autogenerated kernel key: 9ff85db0b1f72c0c954e4d2eaca5a9366845820b'
[    2.427597] zswap: loaded using pool lzo/zbud
[    2.444965] Key type big_key registered
[    2.457325] Key type trusted registered
[    2.468816] Key type encrypted registered
[    2.490392] AppArmor: AppArmor sha1 policy hashing enabled
[    2.497468] ima: No TPM chip found, activating TPM-bypass! (rc=-19)
[    2.511263] ima: Allocated hash algorithm: sha1
[    2.528335] evm: HMAC attrs: 0x1
[    2.529580]   Magic number: 7:27:915
[    2.530734] rtc_cmos rtc_cmos: setting system clock to 2019-10-12 02:56:45 UTC (1570849005)
[    2.568600] BIOS EDD facility v0.16 2004-Jun-25, 0 devices found
[    2.571008] EDD information not avlae.

[    2.695754] Freeing unused kernel image memory: 2436K
[    2.718669] Write protecting the kernel read-only data: 20480k
[    2.868821] Freeing unused kernel image memory: 2008K
[    2.870973] Freeing unused kernel image memory: 1972K
[    2.880464] x86/mm: Checked W+X mappings: passed, no W+X pages found.
[    2.897039] x86/mm: Checking user space page tables
[    2.912161] x86/mm: Checked W+X mappings: passed, no W+X pages found.
Loading, please wait...
starting version 237
[    3.036524] Fusion MPT base driver 3.04.20
[    3.037733] Copyright (c) 1999-2008 LSI Corporation
[    3.055287] AVX2 version of gcm_enc/dec engaged.
[    3.056666] AES CTR mode by8 optimization enabled
[    3.058153] e1000: Intel(R) PRO/1000 Network Driver - version 7.3.21-k8-NAPI
[    3.060112] e1000: Copyright (c) 1999-2006 Intel Corporation.
[    3.075185] Fusion MPT SPI Host driver 3.04.20
[    3.250498] input: ImExPS/2 Generic Explorer Mouse as /devices/platform/i8042/serio1/input/input4
[    3.501431] e1000 0000:00:03.0 eth0: (PCI:33MHz:32-bit) 02:26:45:5c:bc:af
[    3.605047] e1000 0000:00:03.0 eth0: Intel(R) PRO/1000 Network Connection
[    3.673182] mptbase: ioc0: Initiating bringup
[    3.769039] ioc0: LSI53C1030 A0: Capabilities={Initiator}
[    4.031205] scsi host2: ioc0: LSI53C1030 A0, FwRev=00000000h, Ports=1, MaxQ=256, IRQ=20
[    4.205413] scsi 2:0:0:0: Direct-Access     VBOX     HARDDISK         1.0  PQ: 0 ANSI: 5
[    4.292434] scsi target2:0:0: Beginning Domain Validation
[    4.340767] scsi target2:0:0: Domain Validation skipping write tests
[    4.343190] scsi target2:0:0: Ending Domain Validation
[    4.345337] scsi target2:0:0: asynchronous
[    4.347597] scsi 2:0:1:0: Direct-Access     VBOX     HARDDISK         1.0  PQ: 0 ANSI: 5
[    4.658628] scsi target2:0:1: Beginning Domain Validation
[    4.678385] random: fast init done
[    4.680124] scsi target2:0:1: Domain Validation skipping write tests
[    4.682015] scsi target2:0:1: Ending Domain Validation
[    4.683499] scsi target2:0:1: asynchronous
[    4.688542] random: systemd-udevd: uninitialized urandom read (16 bytes read)
[    4.689311] e1000 0000:00:08.0 eth1: (PCI:33MHz:32-bit) 08:00:27:71:69:14
[    4.690458] random: systemd-udevd: uninitialized urandom read (16 bytes read)
[    4.691919] e1000 0000:00:08.0 eth1: Intel(R) PRO/1000 Network Connection
[    4.698148] sd 2:0:0:0: Attached scsi generic sg0 type 0
[    4.699731] sd 2:0:0:0: [sda] 20971520 512-byte logical blocks: (10.7 GB/10.0 GiB)
[    4.700080] random: systemd-udevd: uninitialized urandom read (16 bytes read)
[    4.701869] sd 2:0:0:0: [sda] Write Protect is off
[    4.704545] e1000 0000:00:03.0 enp0s3: renamed from eth0
[    4.706742] sd 2:0:0:0: [sda] Incomplete mode parameter data
[    4.708657] sd 2:0:0:0: [sda] Assuming drive cache: write through
[    4.710838] sd 2:0:1:0: Attached scsi generic sg1 type 0
[    4.713067] sd 2:0:1:0: [sdb] 20480 512-byte logical blocks: (10.5 MB/10.0 MiB)
[    4.715314]  sda: sda1
[    4.718257] sd 2:0:1:0: [sdb] Write Protect is off
[    4.719004] sd 2:0:0:0: [sda] Attached SCSI disk
[    4.722421] sd 2:0:1:0: [sdb] Incomplete mode parameter data
[    4.725241] e1000 0000:00:08.0 enp0s8: renamed from eth1
[    4.734531] sd 2:0:1:0: [sdb] Assuming drive cache: write through
[    4.770534] sd 2:0:1:0: [sdb] Attached SCSI disk
Begin: Loading essential drivers ... [    6.344108] raid6: sse2x1   gen()  8840 MB/s
[    6.412353] raid6: sse2x1   xor()  8048 MB/s
[    6.528187] raid6: sse2x2   gen() 12846 MB/s
[    6.580309] raid6: sse2x2   xor()  8946 MB/s
[    6.644615] raid6: sse2x4   gen() 15609 MB/s
[    6.752322] raid6: sse2x4   xor()  9431 MB/s
[    6.848146] raid6: avx2x1   gen() 20485 MB/s
[    6.924456] raid6: avx2x1   xor() 15820 MB/s
[    7.044047] raid6: avx2x2   gen() 26423 MB/s
[    7.152766] raid6: avx2x2   xor() 17023 MB/s
[    7.256282] raid6: avx2x4   gen() 31119 MB/s
[    7.336089] raid6: avx2x4   xor() 11494 MB/s
[    7.338867] raid6: using algorithm avx2x4 gen() 31119 MB/s
[    7.344185] raid6: .... xor() 11494 MB/s, rmw enabled
[    7.352655] raid6: using avx2x2 recovery algorithm
[    7.360211] xor: automatically using best checksumming function   avx       
[    7.370595] async_tx: api initialized (async)
done.
Begin: Running /scripts/init-premount ... done.
Begin: Mounting root file system ... Begin: Running /scripts/local-top ... done.
Begin: Running /scripts/local-premount[    7.450968] Btrfs loaded, crc32c=crc32c-intel
 ... Scanning for Btrfs filesystems
done.
Warning: fsck no[    7.528286] EXT4-fs (sda1): INFO: recovery required on readonly filesystem
t present, so skipping root file system
[    7.536087] EXT4-fs (sda1): write access will be enabled during recovery
[    7.823985] EXT4-fs (sda1): recovery complete
[    7.910450] EXT4-fs (sda1): mounted filesystem with ordered data mode. Opts: (null)
done.
Begin: Running /scripts/local-bottom ... done.
Begin: Running /scripts/init-bottom ... done.
[    8.625659] ip_tables: (C) 2000-2006 Netfilter Core Team
[    9.455491] systemd[1]: systemd 237 running in system mode. (+PAM +AUDIT +SELINUX +IMA +APPARMOR +SMACK +SYSVINIT +UTMP +LIBCRYPTSETUP +GCRYPT +GNUTLS +ACL +XZ +LZ4 +SECCOMP +BLKID +ELFUTILS +KMOD -IDN2 +IDN -PCRE2 default-hierarchy=hybrid)
[   12.477303] systemd[1]: Detected virtualization oracle.
[   12.484523] systemd[1]: Detected architecture x86-64.

Welcome to [1mUbuntu 18.04.2 LTS[0m!

[   12.598159] systemd[1]: Set hostname to <ubuntu-bionic>.
[   12.895023] random: crng init done
[   12.896629] random: 7 urandom warning(s) missed due to ratelimiting
[   13.710213] systemd[1]: Reached target User and Group Name Lookups.
[[0;32m  OK  [0m] Reached target User and Group Name Lookups.
[   14.811887] systemd[1]: Created slice User and Session Slice.
[[0;32m  OK  [0m] Created slice User and Session Slice.
[   15.575524] systemd[1]: Reached target Swap.
[[0;32m  OK  [0m] Reached target Swap.
[   15.613123] systemd[1]: Started Forward Password Requests to Wall Directory Watch.
[[0;32m  OK  [0m] Started Forward Password Requests to Wall Directory Watch.
[   17.009012] systemd[1]: Reached target System Time Synchronized.
[[0;32m  OK  [0m] Reached target System Time Synchronized.
[   17.801427] systemd[1]: Created slice System Slice.
[[0;32m  OK  [0m] Created slice System Slice.
[   17.917507] systemd[1]: Reached target Slices.
[[0;32m  OK  [0m] Reached target Slices.
[   18.378546] systemd[1]: Listening on Network Service Netlink Socket.
[[0;32m  OK  [0m] Listening on Network Service Netlink Socket.
[   18.589183] systemd[1]: Listening on /dev/initctl Compatibility Named Pipe.
[[0;32m  OK  [0m] Listening on /dev/initctl Compatibility Named Pipe.
[   18.965428] systemd[1]: Listening on LVM2 metadata daemon socket.
[[0;32m  OK  [0m] Listening on LVM2 metadata daemon socket.
[   19.593755] systemd[1]: Created slice system-serial\x2dgetty.slice.
[[0;32m  OK  [0m] Created slice system-serial\x2dgetty.slice.
[   20.569527] systemd[1]: Listening on udev Control Socket.
[[0;32m  OK  [0m] Listening on udev Control Socket.
[   20.574741] systemd[1]: Listening on LVM2 poll daemon socket.
[[0;32m  OK  [0m] Listening on LVM2 poll daemon socket.
[   20.580346] systemd[1]: Listening on Journal Socket (/dev/log).
[[0;32m  OK  [0m] Listening on Journal Socket (/dev/log).
[   20.586889] systemd[1]: Listening on Journal Socket.
[[0;32m  OK  [0m] Listening on Journal Socket.
[   20.595347] systemd[1]: Starting Set the console keyboard layout...
         Starting Set the console keyboard layout...
[   20.608042] systemd[1]: Mounting Huge Pages File System...
         Mounting Huge Pages File System...
[   20.619865] systemd[1]: Starting Create list of required static device nodes for the current kernel...
         Starting Create list of required stâ€¦ce nodes for the current kernel...
[   20.633929] systemd[1]: Starting Remount Root and Kernel File Systems...
         Starting Remount Root and Kernel File Systems...
[   20.638210] systemd[1]: Mounting POSIX Message Queue File System...
         Mounting POSIX Message Queue File System...
[   20.649446] systemd[1]: Mounting Kernel Debug File System...
         Mounting Kernel Debug File System...
[[0;32m  OK  [0m] Listening on udev Kernel Socket.
         Starting udev Coldplug all Devices...
[[0;32m  OK  [[   20.672493] EXT4-fs (sda1): re-mounted. Opts: (null)
0m] Listening on Syslog Socket.
[[0;32m  OK  [0m] Listening on Journal Audit Socket.
         Starting Journal Service...
[[0;32m  OK  [0m] Set up automount Arbitrary Executabâ€¦rmats File System Automount Point.
         Starting Uncomplicated firewall...
         Starting Load Kernel Modules...
[[0;32m  OK  [0m] Listening on Device-mapper event daemon FIFOs.
         Starting Monitoring of LVM2 mirrorsâ€¦ng dmeventd or progress polling...
[[0;32m  OK  [0m] Mounted Huge Pages File System.
[[0;32m  OK  [0m] Started Create list of required staâ€¦vice nodes for the current kernel.
[[0;32m  OK  [0m] Started Set the console keyboard layout.
[[0;32m  OK  [0m] Started Journal Service.
[[0;32m  OK  [0m] Started Remount Root and Kernel File Systems.
[[0;32m  OK  [0m] Mounted POSIX Message Queue File System.
[[0;32m  OK  [0m] Mounted Kernel Debug File System.
[[0;32m  OK  [0m] Started Uncomplicated firewall.
         Starting Load/Save Random Seed...
         Starting Flush Journal to Persistent Storage...
         Starting Create Static Device Nodes in /dev...
[[0;32m  OK  [0m] Started udev Coldplug all Devices.
[[0;32m  OK  [0m] Started LVM2 metadata daemon.
[   21.120122] Loading iSCSI transport class v2.0-870.
[   21.168996] systemd-journald[407]: Received request to flush runtime journal from PID 1
[[0;32m  OK  [0m] Started Create Static Device Nodes in /dev.
[[0;32m  OK  [0m] Started Load/Save Random See[   21.332251] iscsi: registered transport (tcp)
d.
         Starting udev Kernel Device Manager...
[[0;32m  OK  [0m] Started Monitoring of LVM2 mirrors,â€¦sing dmeventd or progress polling.
[[0;32m  OK  [0m] Reached target Local File Systems (Pre).
[[0;32m  OK  [0m] Reached targ[   21.509871] iscsi: registered transport (iser)
et Local File Systems.
         Starting AppArmor initialization...
         Starting Tell Plymouth To Write Out Runtime Data...
         Starting ebtables ruleset management...
         Starting Set console font and keymap...
[[0;32m  OK  [0m] Started Load Kernel Modules.
[[0;32m  OK  [0m] Started udev Kernel Device Manager.
[[0;32m  OK  [0m] Started Dispatch Password Requests to Console Directory Watch.
[[0;32m  OK  [0m] Reached target Local Encrypted Volumes.
         Mounting FUSE Control File System...
         Mounting Kernel Configuration File System...
         Starting Apply Kernel Variables...
[[0;32m  OK  [0m] Mounted FUSE Control File System.
[[0;32m  OK  [0m] Mounted Kernel Configuration File System.
[[0;32m  OK  [0m] Started Tell Plymouth To Write Out Runtime Data.
[[0;32m  OK  [0m] Started Set console font and keymap.
[[0;32m  OK  [0m] Started Apply Kernel Variables.
[[0;32m  OK  [0m] Found device /dev/ttyS0.
[[0;32m  OK  [0m] Listening on Load/Save RF Kill Switch Status /dev/rfkill Watch.
[[0;32m  OK  [0m] Started ebtables ruleset management.
[[0;32m  OK  [0m] Started Flush Journal to Persistent Storage.
         Starting Create Volatile Files and Directories...
[[0;32m  OK  [0m] Started Create Volatile Files and Directories.
         Starting Update UTMP about System Boot/Shutdown...
[[0;32m  OK  [0m] Started Update UTMP about System Boot/Shutdown.
[[0;32m  OK  [0m] Started AppArmor initialization.
         Starting Initial cloud-init job (pre-networking)...
[   24.103258] cloud-init[586]: Cloud-init v. 19.1-1-gbaa47854-0ubuntu1~18.04.1 running 'init-local' at Sat, 12 Oct 2019 02:57:06 +0000. Up 23.86 seconds.
[[0;32m  OK  [0m] Started Initial cloud-init job (pre-networking).
[[0;32m  OK  [0m] Reached target Network (Pre).
         Starting Network Service...
[[0;32m  OK  [0m] Started Network Service.
         Starting Wait for Network to be Configured...
         Starting Network Name Resolution...
[[0;32m  OK  [0m] Started Network Name Resolution.
[[0;32m  OK  [0m] Reached target Host and Network Name Lookups.
[[0;32m  OK  [0m] Reached target Network.
[[0;32m  OK  [0m] Started Wait for Network to be Configured.
         Starting Initial cloud-init job (metadata service crawler)...
[   26.393723] cloud-init[699]: Cloud-init v. 19.1-1-gbaa47854-0ubuntu1~18.04.1 running 'init' at Sat, 12 Oct 2019 02:57:09 +0000. Up 26.26 seconds.
[   26.414861] cloud-init[699]: ci-info: ++++++++++++++++++++++++++++++++++++++Net device info+++++++++++++++++++++++++++++++++++++++
[   26.472215] cloud-init[699]: ci-info: +--------+------+-----------------------------+---------------+--------+-------------------+
[   26.484165] cloud-init[699]: ci-info: | Device |  Up  |           Address           |      Mask     | Scope  |     Hw-Address    |
[   26.486665] cloud-init[699]: ci-info: +--------+------+-----------------------------+---------------+--------+-------------------+
[   26.489508] cloud-init[699]: ci-info: | enp0s3 | True |          10.0.2.15          | 255.255.255.0 | global | 02:26:45:5c:bc:af |
[   26.528188] cloud-init[699]: ci-info: | enp0s3 | True |  fe80::26:45ff:fe5c:bcaf/64 |       .       |  link  | 02:26:45:5c:bc:af |
[[0;32m  OK  [0m] Started Initial cloud-init job (metadata service crawler).
[[0;32m  OK  [0m] Reached target System Initialization.
[   26.639428] cloud-init[699]: ci-info: | enp0s8 | True |        192.168.33.10        | 255.255.255.0 | global | 08:00:27:71:69:14 |
[   26.792944] cloud-init[699]: ci-info: | enp0s8 | True | fe80::a00:27ff:fe71:6914/64 |       .       |  link  | 08:00:27:71:69:14 |
[   26.881122] cloud-init[699]: ci-info: |   lo   | True |          127.0.0.1          |   255.0.0.0   |  host  |         .         |
[   26.957232] cloud-init[699]: ci-info: |   lo   | True |           ::1/128           |       .       |  host  |         .         |
[   27.032859] cloud-init[699]: ci-info: +--------+------+-----------------------------+---------------+--------+-------------------+
[[0;32m  OK  [0m] Started Discard unused blocks once a week.
[   27.076150] cloud-init[699]: ci-info: +++++++++++++++++++++++++++++Route IPv4 info+++++++++++++++++++++++++++++
         Starting LXD - unix socket.
[[0;32m  OK  [0m] Started Daily apt download activities.
[[0;32m  OK  [0m] Started Message of the Day.
[   27.195250]          Starting Socket activation for snappy daemon.
[[0;32m  OK  [0m] Started Daily apt upgrade and clean activities.
[[0;32m  OK  [0m] Listening on ACPID Listen Socket.
cloud-init[699]: ci-info: +-------+--------------+----------+-----------------+-----------+-------+
[[0;32m  OK  [0m] Started ACPI Events Check.
[[0;32m  OK  [0m] Reached target Paths.
[   27.274709] [[0;32m  OK  [0m] Listening on UUID daemon activation socket.
[[0;32m  OK  [0m] Listening on D-Bus System Message Bus Socket.
[[0;32m  OK  [0m] Started Daily Cleanup of Temporary Directories.
[[0;32m  OK  [0m] Reached target Timers.
[[0;32m  OK  [0m] Listening on Open-iSCSI iscsid Socket.
[[0;32m  OK  [0m] Reached target Cloud-config availability.
[[0;32m  OK  [0m] Reached target Network is Online.
cloud-init[699]: ci-info: | Route | Destination  | Gateway  |     Genmask     | Interface | Flags |
[[0;32m  OK  [0m] Reached target Remote File Systems (Pre).
[   27.306333] [[0;32m  OK  [0m] Reached target Remote File Systems.
cloud-init[699]: ci-info: +-------+--------------+----------+-----------------+-----------+-------+
         Starting Availability of block devices...
[   27.349873] [[0;32m  OK  [0m] Listening on LXD - unix socket.
[[0;32m  OK  [0m] Listening on Socket activation for snappy daemon.
[[0;32m  OK  [0m] Started Availability of block devices.
[[0;32m  OK  [0m] Reached target Sockets.
[[0;32m  OK  [0m] Reached target Basic System.
         Starting LSB: Record successful boot for GRUB...
         Starting Permit User Sessions...
         Starting System Logging Service...
         Starting LSB: automatic crash report generation...
[[0;32m  OK  [0m] Started FUSE filesystem for LXC.
         Starting Dispatcher daemon for systemd-networkd...
cloud-init[699]: [[0;32m  OK  [0m] Started Regular background program processing daemon.
ci-info: |   0   |   0.0.0.0    | 10.0.2.2 |     0.0.0.0     |   enp0s3  |   UG  |
         Starting vboxadd.service...
[   27.408732] cloud-init[[0;32m  OK  [0m] Started D-Bus System Message Bus.
[699]: ci-info: |   1   |   10.0.2.0   | 0.0.0.0  |  255.255.255.0  |   enp0s3  |   U   |
[   27.413971] cloud-init[699]: ci-info: |   2   |   10.0.2.2   | 0.0.0.0  | 255.255.255.255 |   enp0s3  |   UH  |
[   27.420871] cloud-init[699]: ci-info: |   3   | 192.168.33.0 | 0.0.0.0  |  255.255.255.0  |   enp0s8  |   U   |
[   27.423310] cloud-init[699]: ci-info: +-------+--------------+----------+-----------------+-----------+-------+
[   27.425825] cloud-init[699]: ci-info: +++++++++++++++++++Route IPv6 info+++++++++++++++++++
[   27.431780] cloud-init[699]: ci-info: +-------+-------------+---------+-----------+-------+
[   27.439785] cloud-init[699]: ci-info: | Route | Destination | Gateway | Interface | Flags |
[   27.442147] cloud-init[699]: ci-info: +-------+-------------+---------+-----------+-------+
[   27.444406] cloud-init[699]: ci-info: |   1   |  fe80::/64  |    ::   |   enp0s8  |   U   |
[   27.446582] cloud-init[699]: ci-info: |   2   |  fe80::/64  |    ::   |   enp0s3  |   U   |
[   27.448453] cloud-init[699]: ci-info: |   4   |    local    |    ::   |   enp0s3  |   U   |
[   27.450273] cloud-init[699]: ci-info: |   5   |    local    |    ::   |   enp0s8  |   U   |
[   27.452261] cloud-init[699]: ci-info: |   6   |   ff00::/8  |    ::   |   enp0s8  |   U   |
[   27.453824] cloud-init[699]: ci-info: |   7   |   ff00::/8  |    ::   |   enp0s3  |   U   |
[   27.455429] cloud-init[699]: ci-info: +-------+-------------+---------+-----------+-------+
         Starting OpenBSD Secure Shell server...
         Starting LXD - container startup/shutdown...
[[0;32m  OK  [0m] Started Deferred execution scheduler.
[[0;32m  OK  [0m] Started irqbalance daemon.
         Starting Accounts Service...
         Starting Snappy daemon...
         Starting Login Service...
[[0;32m  OK  [0m] Started System Logging Service.
[[0;32m  OK  [0m] Started Permit User Sessions.
[[0;32m  OK  [0m] Started OpenBSD Secure Shell server.
         Starting Terminate Plymouth Boot Screen...
         Starting Hold until boot process finishes up...
[[0;32m  OK  [0m] Started Hold until boot process finishes up.
         Starting Set console scheme...
[[0;32m  OK  [0m] Started Serial Getty on ttyS0.
[[0;32m  OK  [0m] Started LXD - container startup/shutdown.
[[0;32m  OK  [0m] Started Terminate Plymouth Boot Screen.
[[0;32m  OK  [0m] Started Login Service.
[[0;32m  OK  [0m] Started Unattended Upgrades Shutdown.
[[0;32m  OK  [0m] Started Set console scheme.
[[0;32m  OK  [0m] Created slice system-getty.slice.
[[0;32m  OK  [0m] Started Getty on tty1.
[[0;32m  OK  [0m] Reached target Login Prompts.
[[0;32m  OK  [0m] Started LSB: Record successful boot for GRUB.
[[0;32m  OK  [0m] Started LSB: automatic crash report generation.
         Starting Authorization Manager...
[[0;32m  OK  [0m] Started Dispatcher daemon for systemd-networkd.
[[0;32m  OK  [0m] Started Authorization Manager.
[[0;32m  OK  [0m] Started Accounts Service.
[[0;32m  OK  [0m] Started vboxadd.service.
[[0;32m  OK  [0m] Started Snappy daemon.
         Starting Wait until snapd is fully seeded...
         Starting vboxadd-service.service...
[[0;32m  OK  [0m] Started Wait until snapd is fully seeded.
         Starting Apply the settings specified in cloud-config...
[[0;32m  OK  [0m] Started vboxadd-service.service.
[[0;32m  OK  [0m] Reached target Multi-User System.
[[0;32m  OK  [0m] Reached target Graphical Interface.
         Starting Update UTMP about System Runlevel Changes...
[[0;32m  OK  [0m] Started Update UTMP about System Runlevel Changes.
[   28.912403] cloud-init[1131]: Cloud-init v. 19.1-1-gbaa47854-0ubuntu1~18.04.1 running 'modules:config' at Sat, 12 Oct 2019 02:57:11 +0000. Up 28.81 seconds.
[[0;32m  OK  [0m] Started Apply the settings specified in cloud-config.
         Starting Execute cloud user/final scripts...
[   29.448944] cloud-init[1202]: Cloud-init v. 19.1-1-gbaa47854-0ubuntu1~18.04.1 running 'modules:final' at Sat, 12 Oct 2019 02:57:12 +0000. Up 29.34 seconds.
[   29.452615] cloud-init[1202]: Cloud-init v. 19.1-1-gbaa47854-0ubuntu1~18.04.1 finished at Sat, 12 Oct 2019 02:57:12 +0000. Datasource DataSourceNoCloud [seed=/dev/sdb][dsmode=net].  Up 29.44 seconds
[[0;32m  OK  [0m] Started Execute cloud user/final scripts.
[[0;32m  OK  [0m] Reached target Cloud-init target.

Ubuntu 18.04.2 LTS ubuntu-bionic ttyS0

ubuntu-bionic login: 